// Jest Snapshot v1, https://goo.gl/fbAQLP

exports[`App renders correctly 1`] = `
<div
  className="app"
>
  <img
    alt="logo"
    className="app-logo"
    src="logo.svg"
  />
</div>
`;
